[2026-08-19 02:06:47] INFO: Task updated: Budget Report (ID: 24)
[2026-08-19 02:07:53] INFO: Task updated: Budget Report (ID: 24)
[2026-08-19 02:09:00] INFO: Task updated: Budget Report (ID: 24)
[2026-08-19 02:18:53] INFO: Task updated: Budget Report (ID: 24)
[2026-08-19 02:19:59] INFO: Task updated: Budget Report (ID: 24)
[2026-08-19 02:27:10] INFO: Task updated: Budget Report 2026 Updated (ID: 24)
[2026-08-19 02:28:06] INFO: Task updated: Budget Report 2026 Updated 2 (ID: 24)
[2026-08-19 02:28:38] INFO: Task updated: Budget Report 2026 Updated (ID: 24)
[2026-08-19 03:40:43] INFO: Task updated: Email Templates (ID: 21)
[2026-08-19 03:45:51] INFO: Task updated: Data Migration Script Edited (ID: 14)
[2026-08-19 03:46:57] INFO: Task updated: Data Migration Script Edited (ID: 14)
[2026-08-19 03:48:03] INFO: Task updated: Data Migration Script Edited (ID: 14)
[2026-08-19 04:03:53] INFO: Task updated: Invoice Module (ID: 15)
[2026-08-19 04:04:59] INFO: Task updated: Invoice Module (ID: 15)
[2026-08-19 04:06:05] INFO: Task updated: Invoice Module (ID: 15)
[2026-08-19 04:07:11] INFO: Task updated: Invoice Module (ID: 15)
[2026-08-19 04:17:07] INFO: Task updated: Data Migration Script (ID: 14)
[2026-08-19 04:17:07] INFO: Task updated: Data Migration Script (ID: 14)
[2026-08-19 04:22:42] INFO: Task updated: Budget Report 2026 Updated (ID: 24)
[2026-08-19 04:22:51] INFO: Task updated: Budget Report 2026 Updated (ID: 24)
[2026-08-19 04:23:00] INFO: Task updated: Budget Report 2026 Updated (ID: 24)
[2026-08-19 05:44:28] INFO: Task updated: Budget Report 2026 Updated (ID: 24)
[2026-08-19 05:45:29] INFO: Task updated: Budget Report 2026 Updated (ID: 24)
[2026-08-19 05:46:08] INFO: Task updated: Budget Report 2026 Updated (ID: 24)
[2026-08-19 05:53:13] INFO: Task updated: Homepage Layout (ID: 1)
[2026-08-19 05:53:58] INFO: Task updated: Homepage Layout (ID: 1)
[2026-08-19 06:02:32] INFO: Task updated: Homepage Layout (ID: 1)
[2026-08-19 06:04:59] INFO: Task updated: Budget Report 2026 Updated (ID: 24)
